2026-09-16T17:37:15+04:00
ws-l1-004
Wed Sep 16 17:37:15 2026       
+-----------------------------------------------------------------------------------------+
| NVIDIA-SMI 570.195.03             Driver Version: 570.195.03     CUDA Version: 12.8     |
|-----------------------------------------+------------------------+----------------------+
| GPU  Name                 Persistence-M | Bus-Id          Disp.A | Volatile Uncorr. ECC |
| Fan  Temp   Perf          Pwr:Usage/Cap |           Memory-Usage | GPU-Util  Compute M. |
|                                         |                        |               MIG M. |
|=========================================+========================+======================|
|   0  NVIDIA RTX 5000 Ada Gene...    On  |   00000000:55:00.0 Off |                  Off |
| 30%   47C    P8             22W /  250W |      27MiB /  32760MiB |      0%      Default |
|                                         |                        |                  N/A |
+-----------------------------------------+------------------------+----------------------+
                                                                                         
+-----------------------------------------------------------------------------------------+
| Processes:                                                                              |
|  GPU   GI   CI              PID   Type   Process name                        GPU Memory |
|        ID   ID                                                               Usage      |
|=========================================================================================|
|    0   N/A  N/A            4820      G   /usr/lib/xorg/Xorg                       20MiB |
+-----------------------------------------------------------------------------------------+
{"action": "verify", "files": 23, "passed": true}
{"status": "original_case_and_reduction_verified", "original_sessions_sha256": "fe8b1c0c4d785590c66d8582bfff6b8bc23f1115e35255ab55923d1fc41fd403", "config_sha256": "50621dffa1bb1907c89f2aa24de71b8a663122b210a13710bc2b538d65271d7d", "verifier_sha256": "e83aa39e403d56404f049fc924252f087a9b576dfc284f0e472a8c869da76adc", "prospective_diagnostic_binding": {"freeze_sha256": "66a2fd31894992ae94d7150453428071f8e6814e324efbc0bcf414aeecd6f2dd", "amendment_sha256": "5f5c42db73f493e9c947428f46107320a00cc5344d361533c481e1ed9a35701b"}}
{"session": 1, "of": 13, "workload_id": "HuggingFaceTB--SmolLM2-135M--code--p128--w8", "scenario": "clean", "seed": 7431, "repetition": 0, "variant": "native", "status": "complete", "valid": true}
{"session": 2, "of": 13, "workload_id": "HuggingFaceTB--SmolLM2-135M--code--p128--w8", "scenario": "clean", "seed": 7431, "repetition": 0, "variant": "bare", "status": "complete", "valid": true}
{"session": 3, "of": 13, "workload_id": "HuggingFaceTB--SmolLM2-135M--code--p128--w8", "scenario": "clean", "seed": 7431, "repetition": 0, "variant": "full_batched", "status": "complete", "valid": true}
{"session": 4, "of": 13, "workload_id": "HuggingFaceTB--SmolLM2-135M--code--p128--w8", "scenario": "clean", "seed": 7431, "repetition": 0, "variant": "sparse_batched", "status": "complete", "valid": true}
{"session": 5, "of": 13, "workload_id": "HuggingFaceTB--SmolLM2-135M--code--p128--w8", "scenario": "clean", "seed": 7431, "repetition": 0, "variant": "allcuts_batched", "status": "complete", "valid": true}
{"session": 6, "of": 13, "workload_id": "HuggingFaceTB--SmolLM2-135M--code--p128--w8", "scenario": "clean", "seed": 7431, "repetition": 0, "variant": "full_legacy", "status": "complete", "valid": true}
{"session": 7, "of": 13, "workload_id": "HuggingFaceTB--SmolLM2-135M--code--p128--w8", "scenario": "clean", "seed": 7431, "repetition": 0, "variant": "sparse_legacy", "status": "complete", "valid": true}
{"session": 8, "of": 13, "workload_id": "HuggingFaceTB--SmolLM2-135M--code--p128--w8", "scenario": "multi_prefix", "seed": 7431, "repetition": 0, "variant": "full_batched", "status": "complete", "valid": true}
{"session": 9, "of": 13, "workload_id": "HuggingFaceTB--SmolLM2-135M--code--p128--w8", "scenario": "multi_prefix", "seed": 7431, "repetition": 0, "variant": "sparse_batched", "status": "complete", "valid": true}
{"session": 10, "of": 13, "workload_id": "HuggingFaceTB--SmolLM2-135M--code--p128--w8", "scenario": "multi_prefix", "seed": 7431, "repetition": 0, "variant": "allcuts_batched", "status": "complete", "valid": true}
{"session": 11, "of": 13, "workload_id": "HuggingFaceTB--SmolLM2-135M--code--p128--w8", "scenario": "checkpoint_corruption", "seed": 7431, "repetition": 0, "variant": "full_batched", "status": "expected_abort", "valid": true}
{"session": 12, "of": 13, "workload_id": "HuggingFaceTB--SmolLM2-135M--code--p128--w8", "scenario": "checkpoint_corruption", "seed": 7431, "repetition": 0, "variant": "sparse_batched", "status": "expected_abort", "valid": true}
{"session": 13, "of": 13, "workload_id": "HuggingFaceTB--SmolLM2-135M--code--p128--w8", "scenario": "checkpoint_corruption", "seed": 7431, "repetition": 0, "variant": "allcuts_batched", "status": "expected_abort", "valid": true}
{
  "status": "complete_descriptive_stage3",
  "model": "HuggingFaceTB/SmolLM2-135M",
  "measured_sessions": 13,
  "workloads": 1,
  "committed_windows": 33,
  "rejected_windows": 3,
  "gold_checked_commits": 33,
  "snapshot_declarations": 3
}
{
  "status": "passed",
  "checks": 8124,
  "failures": []
}
{"action": "verify", "files": 23, "passed": true}
2026-09-16T17:37:52+04:00
